Testing header extraction on: tamil_removed
Images dir: extracted\tamil_removed\images
Crop-top dir: extracted\tamil_removed\crop-top
17:40:58 | DEBUG    | Log file: C:\Users\ashat\persnal\projects\congress\Electorials\logs\20260102_174058.log
17:40:58 | DEBUG    | Tesseract version: 5.4.0.20240606
Running header extraction...
17:40:58 | INFO     | Starting HeaderExtractor
17:40:58 | DEBUG    | Tesseract version: 5.4.0.20240606
17:40:58 | INFO     | Extracting headers from 8 page(s)
17:41:00 | INFO     | Header extraction complete pages=8 time=2.53s
17:41:00 | INFO     | Completed HeaderExtractor duration=2.55s
Extraction result: True
Found 8 headers

page-001:
  Assembly: 
  Section: 
  Part: None
  Raw text preview: None...

page-002:
  Assembly: 114-α«ñα«┐α«░α»üα«¬α»ìα«¬α»éα«░α»ì (α«ñα»åα«▒α»ìα«òα»ü)
  Section: 
  Part: 1
  Raw text preview: α«Üα«ƒα»ìα«ƒα««α«⌐α»ìα«▒α«ñα»ìΓÇî α«ñα»èα«òα»üα«ñα«┐α«»α«┐α«⌐α»ìΓÇî α«Äα«úα»ìΓÇî α««α«▒α»ìα«▒α»üα««α»ìΓÇî α«¬α»åα«»α«░α»ìΓÇî : 114-α«ñα«┐α«░α»üα«¬α»ìα«¬α»éα«░α»ìΓÇî (α«ñα»åα«▒α»ìα«òα»ü) α«¬α«╛α«òα««α»ìΓÇî α«Äα«úα»ìΓÇî : 1...

page-003:
  Assembly: 114-α«ñα«┐α«░α»üα«¬α»ìα«¬α»éα«░α»ì (α«ñα»åα«▒α»ìα«òα»ü)
  Section: 
  Part: 1
  Raw text preview: α«Üα«ƒα»ìα«ƒα««α«⌐α»ìα«▒α«ñα»ìΓÇî α«ñα»èα«òα»üα«ñα«┐α«»α«┐α«⌐α»ìΓÇî α«Äα«úα»ìΓÇî α««α«▒α»ìα«▒α»üα««α»ìΓÇî α«¬α»åα«»α«░α»ìΓÇî : 114-α«ñα«┐α«░α»üα«¬α»ìα«¬α»éα«░α»ìΓÇî (α«ñα»åα«▒α»ìα«òα»ü) α«¬α«╛α«òα««α»ìΓÇî α«Äα«úα»ìΓÇî : 1...

page-004:
  Assembly: 114-α«ñα«┐α«░α»üα«¬α»ìα«¬α»éα«░α»ì (α«ñα»åα«▒α»ìα«òα»ü)
  Section: 1-α«ñα«┐α«░α»üα«¬α»ìα«¬α»éα«░α»ì (α««α«╛), α««α»üα«░α»üα«Öα»ìα«òα«¬α«╛α«│α»êα«»α««α»ì 1α«ñα»ü α«ñα»åα«░α»ü α«╡α«╛α«░α»ìα«ƒα»ü α«Äα«úα»ì.27
  Part: 1
  Raw text preview: α«Üα«ƒα»ìα«ƒα««α«⌐α»ìα«▒α«ñα»ìΓÇî α«ñα»èα«òα»üα«ñα«┐α«»α«┐α«⌐α»ìΓÇî α«Äα«úα»ìΓÇî α««α«▒α»ìα«▒α»üα««α»ìΓÇî α«¬α»åα«»α«░α»ìΓÇî : 114-α«ñα«┐α«░α»üα«¬α»ìα«¬α»éα«░α»ìΓÇî (α«ñα»åα«▒α»ìα«òα»ü) α«¬α«╛α«òα««α»ìΓÇî α«Äα«úα»ìΓÇî : 1
α«¬α«┐α«░α«┐α«╡α»ü α«Äα«úα»ìΓÇî α««α«▒α»ìα«▒α»üα««α»ìΓÇî α«¬α»åα«»α«░α»ìΓÇî 1-α«ñα«┐α«░α»üα«¬α»ìα«¬α»éα«░α»ìΓÇî (α««α«╛), α««α»üα«░α»üα«Öα»ìα«òα«¬α«╛α«│α»êα«»α««α»ì...

page-005:
  Assembly: 114-α«ñα«┐α«░α»üα«¬α»ìα«¬α»éα«░α»ì (α«ñα»åα«▒α»ìα«òα»ü)
  Section: 1-α«ñα«┐α«░α»üα«¬α»ìα«¬α»éα«░α»ì (α««α«╛), α««α»üα«░α»üα«Öα»ìα«òα«¬α«╛α«│α»êα«»α««α»ì 1α«ñα»ü α«ñα»åα«░α»ü α«╡α«╛α«░α»ìα«ƒα»ü α«Äα«úα»ì.27
  Part: 1
  Raw text preview: α«Üα«ƒα»ìα«ƒα««α«⌐α»ìα«▒α«ñα»ìΓÇî α«ñα»èα«òα»üα«ñα«┐α«»α«┐α«⌐α»ìΓÇî α«Äα«úα»ìΓÇî α««α«▒α»ìα«▒α»üα««α»ìΓÇî α«¬α»åα«»α«░α»ìΓÇî : 114-α«ñα«┐α«░α»üα«¬α»ìα«¬α»éα«░α»ìΓÇî (α«ñα»åα«▒α»ìα«òα»ü) α«¬α«╛α«òα««α»ìΓÇî α«Äα«úα»ìΓÇî : 1
α«¬α«┐α«░α«┐α«╡α»ü α«Äα«úα»ìΓÇî α««α«▒α»ìα«▒α»üα««α»ìΓÇî α«¬α»åα«»α«░α»ìΓÇî 1-α«ñα«┐α«░α»üα«¬α»ìα«¬α»éα«░α»ìΓÇî (α««α«╛), α««α»üα«░α»üα«Öα»ìα«òα«¬α«╛α«│α»êα«»α««α»ì...

page-006:
  Assembly: 114-α«ñα«┐α«░α»üα«¬α»ìα«¬α»éα«░α»ì (α«ñα»åα«▒α»ìα«òα»ü)
  Section: 3-α«ñα«┐α«░α»üα«¬α»ìα«¬α»éα«░α»ì (α««α«╛), α««α»üα«░α»üα«Öα»ìα«òα«¬α»ìα«¬α«╛α«│α»êα«»α««α»ì α«╡α«╛α«░α»ìα«ƒα»ü α«Äα«úα»ì-27
  Part: 1
  Raw text preview: α«Üα«ƒα»ìα«ƒα««α«⌐α»ìα«▒α«ñα»ìΓÇî α«ñα»èα«òα»üα«ñα«┐α«»α«┐α«⌐α»ìΓÇî α«Äα«úα»ìΓÇî α««α«▒α»ìα«▒α»üα««α»ìΓÇî α«¬α»åα«»α«░α»ìΓÇî : 114-α«ñα«┐α«░α»üα«¬α»ìα«¬α»éα«░α»ìΓÇî (α«ñα»åα«▒α»ìα«òα»ü) α«¬α«╛α«òα««α»ìΓÇî α«Äα«úα»ìΓÇî : 1
α«¬α«┐α«░α«┐α«╡α»ü α«Äα«úα»ìΓÇî α««α«▒α»ìα«▒α»üα««α»ìΓÇî α«¬α»åα«»α«░α»ìΓÇî 3-α«ñα«┐α«░α»üα«¬α»ìα«¬α»éα«░α»ìΓÇî (α««α«╛), α««α»üα«░α»üα«Öα»ìα«òα«¬α»ìα«¬α«╛α«│α»êα«»...

page-007:
  Assembly: 114-α«ñα«┐α«░α»üα«¬α»ìα«¬α»éα«░α»ì (α«ñα»åα«▒α»ìα«òα»ü)
  Section: 
  Part: 1
  Raw text preview: α«Üα«ƒα»ìα«ƒα««α«⌐α»ìα«▒α«ñα»ìΓÇî α«ñα»èα«òα»üα«ñα«┐α«»α«┐α«⌐α»ìΓÇî α«Äα«úα»ìΓÇî α««α«▒α»ìα«▒α»üα««α»ìΓÇî α«¬α»åα«»α«░α»ìΓÇî : 114-α«ñα«┐α«░α»üα«¬α»ìα«¬α»éα«░α»ìΓÇî (α«ñα»åα«▒α»ìα«òα»ü) α«¬α«╛α«òα««α»ìΓÇî α«Äα«úα»ìΓÇî : 1
-_α«ëα»ìα»éα»éα»ìα»éα»ìα»ìα«ƒα»ì!(!(((((( α«¬α«¬α«¬ α«¬α«¬α»ìα«¬ α«¬ α«»α«¬ α«¬α«¬α«¬ α«¬ α«¬ α«¬ α«¬ α«¬ α«¬α«¬α«¬ α«¬α«¬ α«¬ α«¬α«¬α«¬...

page-008:
  Assembly: 114-α«ñα«┐α«░α»üα«¬α»ìα«¬α»éα«░α»ì (α«ñα»åα«▒α»ìα«òα»ü)
  Section: 
  Part: 1
  Raw text preview: α«Üα«ƒα»ìα«ƒα««α«⌐α»ìα«▒α«ñα»ìΓÇî α«ñα»èα«òα»üα«ñα«┐α«»α«┐α«⌐α»ìΓÇî α«Äα«úα»ìΓÇî α««α«▒α»ìα«▒α»üα««α»ìΓÇî α«¬α»åα«»α«░α»ìΓÇî : 114-α«ñα«┐α«░α»üα«¬α»ìα«¬α»éα«░α»ìΓÇî (α«ñα»åα«▒α»ìα«òα»ü) α«¬α«╛α«òα««α»ìΓÇî α«Äα«úα»ìΓÇî : 1...
